C:\> cd Users

C:\Users> mkdir coderhouse

C:\Users>cd coderhouse

C:\Users\coderhouse> npx create-react-app myapp
npm ERR! code ENOLOCAL
npm ERR! Could not install from "Paz\AppData\Roaming\npm-cache\_npx\13176" as it does not contain a package.json file.

npm ERR! A complete log of this run can be found in:
npm ERR!     C:\Users\Maria Paz\AppData\Roaming\npm-cache\_logs\2021-09-23T22_56_50_641Z-debug.log
Install for [ 'create-react-app@latest' ] failed with code 1

C:\Users\coderhouse> npm i create-react-app -g
npm WARN deprecated tar@2.2.2: This version of tar is no longer supported, and will not receive security updates. Please upgrade asap.
C:\Users\Maria Paz\AppData\Roaming\npm\create-react-app -> C:\Users\Maria Paz\AppData\Roaming\npm\node_modules\create-react-app\index.js
+ create-react-app@4.0.3
added 67 packages from 25 contributors in 13.198s

C:\Users\coderhouse>npx create-react-app myApp
Cannot create a project named "myApp" because of npm naming restrictions:

  * name can no longer contain capital letters

Please choose a different project name.

C:\Users\coderhouse>npx create-react-app miapp

Creating a new React app in C:\Users\coderhouse\miapp.

Installing packages. This might take a couple of minutes.
Installing react, react-dom, and react-scripts with cra-template...


> core-js@2.6.12 postinstall C:\Users\coderhouse\miapp\node_modules\babel-runtime\node_modules\core-js
> node -e "try{require('./postinstall')}catch(e){}"


> core-js@3.18.0 postinstall C:\Users\coderhouse\miapp\node_modules\core-js
> node -e "try{require('./postinstall')}catch(e){}"


> core-js-pure@3.18.0 postinstall C:\Users\coderhouse\miapp\node_modules\core-js-pure
> node -e "try{require('./postinstall')}catch(e){}"


> ejs@2.7.4 postinstall C:\Users\coderhouse\miapp\node_modules\ejs
> node ./postinstall.js

+ cra-template@1.1.2
+ react-scripts@4.0.3
+ react-dom@17.0.2
+ react@17.0.2
added 1909 packages from 708 contributors and audited 1912 packages in 227.446s

149 packages are looking for funding
  run `npm fund` for details

found 3 moderate severity vulnerabilities
  run `npm audit fix` to fix them, or `npm audit` for details
Git repo not initialized Error: Command failed: git --version
    at checkExecSyncError (child_process.js:760:11)
    at execSync (child_process.js:833:15)
    at tryGitInit (C:\Users\coderhouse\miapp\node_modules\react-scripts\scripts\init.js:46:5)
    at module.exports (C:\Users\coderhouse\miapp\node_modules\react-scripts\scripts\init.js:283:7)
    at [eval]:3:14
    at Script.runInThisContext (vm.js:134:12)
    at Object.runInThisContext (vm.js:310:38)
    at internal/process/execution.js:81:19
    at [eval]-wrapper:6:22
    at evalScript (internal/process/execution.js:80:60) {
  status: 1,
  signal: null,
  output: [ null, null, null ],
  pid: 9472,
  stdout: null,
  stderr: null
}

Installing template dependencies using npm...
npm WARN @babel/plugin-bugfix-v8-spread-parameters-in-optional-chaining@7.15.4 requires a peer of @babel/core@^7.13.0 but none is installed. You must install peer dependencies yourself.
npm WARN tsutils@3.21.0 requires a peer of typescript@>=2.8.0 || >= 3.2.0-dev || >= 3.3.0-dev || >= 3.4.0-dev || >= 3.5.0-dev || >= 3.6.0-dev || >= 3.6.0-beta || >= 3.7.0-dev || >= 3.7.0-beta but none is installed. You must install peer dependencies yourself.
npm WARN optional SKIPPING OPTIONAL DEPENDENCY: fsevents@2.3.2 (node_modules\fsevents):
npm WARN notsup SKIPPING OPTIONAL DEPENDENCY: Unsupported platform for fsevents@2.3.2: wanted {"os":"darwin","arch":"any"} (current: {"os":"win32","arch":"x64"})
npm WARN optional SKIPPING OPTIONAL DEPENDENCY: fsevents@1.2.13 (node_modules\webpack-dev-server\node_modules\fsevents):
npm WARN notsup SKIPPING OPTIONAL DEPENDENCY: Unsupported platform for fsevents@1.2.13: wanted {"os":"darwin","arch":"any"} (current: {"os":"win32","arch":"x64"})
npm WARN optional SKIPPING OPTIONAL DEPENDENCY: fsevents@1.2.13 (node_modules\watchpack-chokidar2\node_modules\fsevents):
npm WARN notsup SKIPPING OPTIONAL DEPENDENCY: Unsupported platform for fsevents@1.2.13: wanted {"os":"darwin","arch":"any"} (current: {"os":"win32","arch":"x64"})

+ web-vitals@1.1.2
+ @testing-library/jest-dom@5.14.1
+ @testing-library/user-event@12.8.3
+ @testing-library/react@11.2.7
added 43 packages from 86 contributors and audited 1955 packages in 23.185s

150 packages are looking for funding
  run `npm fund` for details

found 3 moderate severity vulnerabilities
  run `npm audit fix` to fix them, or `npm audit` for details
Removing template package using npm...

npm WARN @babel/plugin-bugfix-v8-spread-parameters-in-optional-chaining@7.15.4 requires a peer of @babel/core@^7.13.0 but none is installed. You must install peer dependencies yourself.
npm WARN tsutils@3.21.0 requires a peer of typescript@>=2.8.0 || >= 3.2.0-dev || >= 3.3.0-dev || >= 3.4.0-dev || >= 3.5.0-dev || >= 3.6.0-dev || >= 3.6.0-beta || >= 3.7.0-dev || >= 3.7.0-beta but none is installed. You must install peer dependencies yourself.
npm WARN optional SKIPPING OPTIONAL DEPENDENCY: fsevents@1.2.13 (node_modules\watchpack-chokidar2\node_modules\fsevents):
npm WARN notsup SKIPPING OPTIONAL DEPENDENCY: Unsupported platform for fsevents@1.2.13: wanted {"os":"darwin","arch":"any"} (current: {"os":"win32","arch":"x64"})
npm WARN optional SKIPPING OPTIONAL DEPENDENCY: fsevents@2.3.2 (node_modules\fsevents):
npm WARN notsup SKIPPING OPTIONAL DEPENDENCY: Unsupported platform for fsevents@2.3.2: wanted {"os":"darwin","arch":"any"} (current: {"os":"win32","arch":"x64"})
npm WARN optional SKIPPING OPTIONAL DEPENDENCY: fsevents@1.2.13 (node_modules\webpack-dev-server\node_modules\fsevents):
npm WARN notsup SKIPPING OPTIONAL DEPENDENCY: Unsupported platform for fsevents@1.2.13: wanted {"os":"darwin","arch":"any"} (current: {"os":"win32","arch":"x64"})

removed 1 package and audited 1954 packages in 11.405s

150 packages are looking for funding
  run `npm fund` for details

found 3 moderate severity vulnerabilities
  run `npm audit fix` to fix them, or `npm audit` for details

Success! Created miapp at C:\Users\coderhouse\miapp
Inside that directory, you can run several commands:

  npm start
    Starts the development server.

  npm run build
    Bundles the app into static files for production.

  npm test
    Starts the test runner.

  npm run eject
    Removes this tool and copies build dependencies, configuration files
    and scripts into the app directory. If you do this, you can’t go back!

We suggest that you begin by typing:

  cd miapp
  npm start

Happy hacking!

C:\Users\coderhouse> cd miapp

C:\Users\coderhouse\miapp>dir
 El volumen de la unidad C no tiene etiqueta.
 El número de serie del volumen es: EAA6-E1EB

 Directorio de C:\Users\coderhouse\miapp

23/09/2021  20:07    <DIR>          .
23/09/2021  20:07    <DIR>          ..
26/10/1985  05:15               310 .gitignore
23/09/2021  20:06    <DIR>          node_modules
23/09/2021  20:07           692.726 package-lock.json
23/09/2021  20:07               808 package.json
23/09/2021  20:06    <DIR>          public
26/10/1985  05:15             3.369 README.md
23/09/2021  20:06    <DIR>          src
               4 archivos        697.213 bytes
               5 dirs  299.357.523.968 bytes libres

C:\Users\coderhouse\miapp> cd--
"cd--" no se reconoce como un comando interno o externo,
programa o archivo por lotes ejecutable.

C:\Users\coderhouse\miapp>cd ..

C:\Users\coderhouse>DIR
 El volumen de la unidad C no tiene etiqueta.
 El número de serie del volumen es: EAA6-E1EB

 Directorio de C:\Users\coderhouse

23/09/2021  20:02    <DIR>          .
23/09/2021  20:02    <DIR>          ..
23/09/2021  20:07    <DIR>          miapp
               0 archivos              0 bytes
               3 dirs  299.357.310.976 bytes libres

C:\Users\coderhouse>cd miapp

C:\Users\coderhouse\miapp>code .

C:\Users\coderhouse\miapp>nom start
"nom" no se reconoce como un comando interno o externo,
programa o archivo por lotes ejecutable.

C:\Users\coderhouse\miapp>npm start

> miapp@0.1.0 start C:\Users\coderhouse\miapp
> react-scripts start
√ Something is already running on port 3000.

Would you like to run the app on another port instead? ... yes
i ｢wds｣: Project is running at http://192.168.0.107/
i ｢wds｣: webpack output is served from
i ｢wds｣: Content not from webpack is served from C:\Users\coderhouse\miapp\public
i ｢wds｣: 404s will fallback to /
Starting the development server...
Compiled successfully!

You can now view miapp in the browser.

  Local:            http://localhost:3001
  On Your Network:  http://192.168.0.107:3001

Note that the development build is not optimized.
To create a production build, use npm run build.
